// Jest Snapshot v1, https://goo.gl/fbAQLP

exports[`CoursePage component render snapshot 1`] = `
<div
  data-aos="fade-in"
  data-aos-duration="800"
  data-aos-easing="linear"
  style="display:flex;flex-direction:column"
>
  <h1
    class="MuiTypography-root-1 MuiTypography-h1-13"
    style="margin:16px auto"
  />
  <div
    class="flexCenter"
    style="margin:30px;background-color:#ffffff;border:1px solid black;padding:20px;border-radius:10px;box-shadow:5px 5px 5px 5px #777777;-moz-box-shadow:0 0 10px #777777;-webkit-box-shadow:0 0 10px #777777"
  >
    <h4
      class="MuiTypography-root-1 MuiTypography-h4-16 MuiTypography-gutterBottom-28"
    >
      <u>
        Questions
      </u>
      :
    </h4>
    <div
      class="MuiFormControl-root-36"
      style="margin-top:20px;width:50%"
    >
      <label
        class="MuiFormLabel-root-51 MuiInputLabel-root-40 MuiInputLabel-formControl-45 MuiInputLabel-animated-48 MuiInputLabel-outlined-50"
        data-shrink="false"
      >
        Ask a Question
      </label>
      <div
        class="MuiInputBase-root-71 MuiOutlinedInput-root-58 MuiInputBase-formControl-72 MuiInputBase-multiline-79 MuiOutlinedInput-multiline-64"
      >
        <fieldset
          aria-hidden="true"
          class="MuiPrivateNotchedOutline-root-88 MuiOutlinedInput-notchedOutline-65"
          style="padding-left:8px"
        >
          <legend
            class="MuiPrivateNotchedOutline-legend-89"
            style="width:0.01px"
          >
            <span>
              ​
            </span>
          </legend>
        </fieldset>
        <div
          class="MuiPrivateTextarea-root-90"
        >
          <textarea
            aria-hidden="true"
            class="MuiPrivateTextarea-textarea-91 MuiPrivateTextarea-shadow-92"
            readonly=""
            rows="1"
            tabindex="-1"
          />
          <textarea
            aria-hidden="true"
            class="MuiPrivateTextarea-textarea-91 MuiPrivateTextarea-shadow-92"
            readonly=""
            rows="1"
            tabindex="-1"
          />
          <textarea
            aria-invalid="false"
            class="MuiPrivateTextarea-textarea-91 MuiInputBase-input-81 MuiOutlinedInput-input-66 MuiInputBase-inputMultiline-83 MuiOutlinedInput-inputMultiline-68"
            rows="1"
            style="height:19px"
          />
        </div>
      </div>
    </div>
    <br />
    <button
      class="MuiButtonBase-root-119 MuiButton-root-93 MuiButton-contained-104 MuiButton-raised-107"
      style="width:50%"
      tabindex="0"
      type="submit"
    >
      <span
        class="MuiButton-label-94"
      >
        Ask Away
      </span>
    </button>
  </div>
  <div
    class="MuiPaper-root-123 MuiPaper-elevation1-126 MuiPaper-rounded-124 MuiCard-root-122 flexRow"
    style="margin:10px auto;width:50%;height:50px"
  />
</div>
`;
