// Jest Snapshot v1, https://goo.gl/fbAQLP

exports[`Profile component render snapshot 1`] = `
<div>
  <div
    class="flexCenter"
    data-aos="fade-in"
    data-aos-duration="800"
    data-aos-easing="linear"
  >
    <h3
      class="MuiTypography-root-1 MuiTypography-h3-15"
    >
      <br />
      <u>
        Profile
      </u>
    </h3>
    <br />
    <div
      class="MuiPaper-root-37 MuiPaper-elevation8-47 MuiPaper-rounded-38 MuiCard-root-36 profile"
      data-aos="fade-in"
      data-aos-duration="800"
      data-aos-easing="linear"
    >
      <h4
        class="MuiTypography-root-1 MuiTypography-h4-16"
      >
        Your Current Information:
      </h4>
      <br />
      <h6
        class="MuiTypography-root-1 MuiTypography-h6-18"
      >
        <strong>
          Name:
        </strong>
         
      </h6>
      <h6
        class="MuiTypography-root-1 MuiTypography-h6-18"
      >
        <strong>
          Email:
        </strong>
         
      </h6>
      <h6
        class="MuiTypography-root-1 MuiTypography-h6-18"
      >
        <strong>
          Facebook:
        </strong>
         Facebook
      </h6>
      <h6
        class="MuiTypography-root-1 MuiTypography-h6-18"
      >
        <strong>
          LinkedIn:
        </strong>
         LinkedIn
      </h6>
      <h6
        class="MuiTypography-root-1 MuiTypography-h6-18"
      >
        <strong>
          Instagram:
        </strong>
         Instagram
      </h6>
    </div>
    <div
      class="MuiPaper-root-37 MuiPaper-elevation8-47 MuiPaper-rounded-38 MuiCard-root-36 profile"
      data-aos="fade-in"
      data-aos-duration="800"
      data-aos-easing="linear"
    >
      <h4
        class="MuiTypography-root-1 MuiTypography-h4-16"
      >
        Update Account Information:
      </h4>
      <br />
      <div
        class="MuiFormControl-root-64"
        style="margin-top:18px"
      >
        <div
          class="MuiInputBase-root-81 MuiInput-root-68 MuiInput-underline-72 MuiInputBase-formControl-82 MuiInput-formControl-69"
        >
          <input
            aria-invalid="false"
            class="MuiInputBase-input-91 MuiInput-input-76 MuiInputBase-inputType-94 MuiInput-inputType-79"
            placeholder="Email Address"
            type="email"
          />
        </div>
      </div>
      <button
        class="MuiButtonBase-root-124 MuiButton-root-98 MuiButton-text-100 MuiButton-flat-103"
        tabindex="0"
        type="button"
      >
        <span
          class="MuiButton-label-99"
        >
          Save Change
        </span>
      </button>
      <div
        class="MuiFormControl-root-64"
        style="margin-top:18px"
      >
        <div
          class="MuiInputBase-root-81 MuiInput-root-68 MuiInput-underline-72 MuiInputBase-formControl-82 MuiInput-formControl-69"
        >
          <input
            aria-invalid="false"
            class="MuiInputBase-input-91 MuiInput-input-76 MuiInputBase-inputType-94 MuiInput-inputType-79"
            placeholder="Password"
            type="password"
          />
        </div>
      </div>
      <button
        class="MuiButtonBase-root-124 MuiButton-root-98 MuiButton-text-100 MuiButton-flat-103"
        tabindex="0"
        type="button"
      >
        <span
          class="MuiButton-label-99"
        >
          Save Change
        </span>
      </button>
    </div>
    <div
      class="MuiPaper-root-37 MuiPaper-elevation8-47 MuiPaper-rounded-38 MuiCard-root-36 profile"
      data-aos="fade-in"
      data-aos-duration="800"
      data-aos-easing="linear"
    >
      <h4
        class="MuiTypography-root-1 MuiTypography-h4-16"
      >
        Social Media Accounts
      </h4>
      <h6
        class="MuiTypography-root-1 MuiTypography-subtitle1-19"
      >
        (Leave As Is If You're Not Updating)
      </h6>
      <br />
      <div
        class="MuiFormControl-root-64"
        style="margin-top:18px"
      >
        <div
          class="MuiInputBase-root-81 MuiInput-root-68 MuiInput-underline-72 MuiInputBase-formControl-82 MuiInput-formControl-69"
        >
          <input
            aria-invalid="false"
            class="MuiInputBase-input-91 MuiInput-input-76 MuiInputBase-inputType-94 MuiInput-inputType-79"
            type="url"
            value="facebook.com"
          />
        </div>
      </div>
      <div
        class="MuiFormControl-root-64"
        style="margin-top:18px"
      >
        <div
          class="MuiInputBase-root-81 MuiInput-root-68 MuiInput-underline-72 MuiInputBase-formControl-82 MuiInput-formControl-69"
        >
          <input
            aria-invalid="false"
            class="MuiInputBase-input-91 MuiInput-input-76 MuiInputBase-inputType-94 MuiInput-inputType-79"
            type="url"
            value="linkedin.com"
          />
        </div>
      </div>
      <div
        class="MuiFormControl-root-64"
        style="margin-top:18px"
      >
        <div
          class="MuiInputBase-root-81 MuiInput-root-68 MuiInput-underline-72 MuiInputBase-formControl-82 MuiInput-formControl-69"
        >
          <input
            aria-invalid="false"
            class="MuiInputBase-input-91 MuiInput-input-76 MuiInputBase-inputType-94 MuiInput-inputType-79"
            type="url"
            value="instagram.com"
          />
        </div>
      </div>
      <button
        class="MuiButtonBase-root-124 MuiButton-root-98 MuiButton-text-100 MuiButton-flat-103"
        tabindex="0"
        type="button"
      >
        <span
          class="MuiButton-label-99"
        >
          Save Change(s)
        </span>
      </button>
    </div>
    <div
      class="MuiPaper-root-37 MuiPaper-elevation8-47 MuiPaper-rounded-38 MuiCard-root-36 profile"
      data-aos="fade-in"
      data-aos-duration="800"
      data-aos-easing="linear"
    >
      <h4
        class="MuiTypography-root-1 MuiTypography-h4-16"
      >
        Please Respond Events
      </h4>
      <br />
    </div>
    <div
      class="MuiPaper-root-37 MuiPaper-elevation8-47 MuiPaper-rounded-38 MuiCard-root-36 profile"
      data-aos="fade-in"
      data-aos-duration="800"
      data-aos-easing="linear"
    >
      <h4
        class="MuiTypography-root-1 MuiTypography-h4-16"
      >
        Awaiting Response Events
      </h4>
      <br />
    </div>
    <div
      class="MuiPaper-root-37 MuiPaper-elevation8-47 MuiPaper-rounded-38 MuiCard-root-36 profile"
      data-aos="fade-in"
      data-aos-duration="800"
      data-aos-easing="linear"
    >
      <h4
        class="MuiTypography-root-1 MuiTypography-h4-16"
      >
        Approved Events
      </h4>
      <br />
    </div>
    <div
      class="MuiPaper-root-37 MuiPaper-elevation8-47 MuiPaper-rounded-38 MuiCard-root-36 profile"
      data-aos="fade-in"
      data-aos-duration="800"
      data-aos-easing="linear"
    >
      <h4
        class="MuiTypography-root-1 MuiTypography-h4-16"
      >
        Denied Events
      </h4>
      <br />
    </div>
  </div>
</div>
`;
